\BOOKMARK [1][-]{section.1}{\376\377\000I\000n\000t\000r\000o\000d\000u\000\347\000\343\000o}{}% 1
\BOOKMARK [2][-]{subsection.2}{\376\377\000C\000o\000n\000t\000e\000x\000t\000u\000a\000l\000i\000z\000a\000\347\000\343\000o\000\040\000e\000\040\000p\000r\000o\000b\000l\000e\000m\000a\000\040\000d\000e\000\040\000p\000e\000s\000q\000u\000i\000s\000a}{section.1}% 2
\BOOKMARK [2][-]{subsection.3}{\376\377\000O\000b\000j\000e\000t\000i\000v\000o\000s}{section.1}% 3
\BOOKMARK [2][-]{subsection.4}{\376\377\000J\000u\000s\000t\000i\000f\000i\000c\000a\000t\000i\000v\000a\000,\000\040\000c\000o\000n\000t\000r\000i\000b\000u\000i\000\347\000\365\000e\000s\000\040\000e\000\040\000d\000e\000l\000i\000m\000i\000t\000a\000\347\000\343\000o}{section.1}% 4
\BOOKMARK [2][-]{subsection.5}{\376\377\000O\000r\000g\000a\000n\000i\000z\000a\000\347\000\343\000o\000\040\000d\000o\000\040\000d\000o\000c\000u\000m\000e\000n\000t\000o}{section.1}% 5
\BOOKMARK [1][-]{section.6}{\376\377\000F\000u\000n\000d\000a\000m\000e\000n\000t\000a\000\347\000\343\000o\000\040\000T\000e\000\363\000r\000i\000c\000a}{}% 6
\BOOKMARK [2][-]{subsection.7}{\376\377\000S\000i\000s\000t\000e\000m\000a\000s\000\040\000e\000m\000b\000a\000r\000c\000a\000d\000o\000s\000\040\000v\000e\000s\000t\000\355\000v\000e\000i\000s}{section.6}% 7
\BOOKMARK [2][-]{subsection.8}{\376\377\000M\000o\000d\000u\000l\000a\000r\000i\000d\000a\000d\000e\000\040\000e\000\040\000s\000i\000s\000t\000e\000m\000a\000s\000\040\000d\000e\000\040\000t\000e\000m\000p\000o\000\040\000r\000e\000a\000l}{section.6}% 8
\BOOKMARK [2][-]{subsection.12}{\376\377\000I\000n\000t\000e\000r\000f\000a\000c\000e\000s\000\040\000d\000e\000\040\000c\000o\000m\000u\000n\000i\000c\000a\000\347\000\343\000o}{section.6}% 9
\BOOKMARK [2][-]{subsection.14}{\376\377\000I\000n\000t\000e\000r\000f\000a\000c\000e\000\040\000g\000r\000\341\000f\000i\000c\000a\000,\000\040\000t\000e\000m\000p\000o\000r\000i\000z\000a\000\347\000\343\000o\000,\000\040\000a\000l\000i\000m\000e\000n\000t\000a\000\347\000\343\000o\000\040\000e\000\040\000p\000e\000r\000s\000i\000s\000t\000\352\000n\000c\000i\000a}{section.6}% 10
\BOOKMARK [2][-]{subsection.16}{\376\377\000M\000\363\000d\000u\000l\000o\000s\000\040\000e\000m\000p\000r\000e\000g\000a\000d\000o\000s\000\040\000n\000a\000\040\000p\000l\000a\000t\000a\000f\000o\000r\000m\000a}{section.6}% 11
\BOOKMARK [2][-]{subsection.18}{\376\377\000P\000r\000o\000c\000e\000s\000s\000a\000m\000e\000n\000t\000o\000\040\000d\000o\000s\000\040\000s\000i\000n\000a\000i\000s\000\040\000e\000\040\000a\000l\000g\000o\000r\000i\000t\000m\000o\000s}{section.6}% 12
\BOOKMARK [2][-]{subsection.23}{\376\377\000T\000r\000a\000b\000a\000l\000h\000o\000s\000\040\000r\000e\000l\000a\000c\000i\000o\000n\000a\000d\000o\000s\000\040\000e\000\040\000s\000\355\000n\000t\000e\000s\000e\000\040\000t\000e\000\363\000r\000i\000c\000a}{section.6}% 13
\BOOKMARK [1][-]{section.25}{\376\377\000M\000e\000t\000o\000d\000o\000l\000o\000g\000i\000a}{}% 14
\BOOKMARK [2][-]{subsection.26}{\376\377\000M\000a\000t\000e\000r\000i\000a\000i\000s\000\040\000e\000\040\000i\000n\000f\000r\000a\000e\000s\000t\000r\000u\000t\000u\000r\000a\000\040\000e\000x\000p\000e\000r\000i\000m\000e\000n\000t\000a\000l}{section.25}% 15
\BOOKMARK [2][-]{subsection.27}{\376\377\000M\000\351\000t\000o\000d\000o\000\040\000i\000n\000c\000r\000e\000m\000e\000n\000t\000a\000l\000\040\000d\000e\000\040\000d\000e\000s\000e\000n\000v\000o\000l\000v\000i\000m\000e\000n\000t\000o}{section.25}% 16
\BOOKMARK [2][-]{subsection.29}{\376\377\000C\000o\000n\000s\000t\000r\000u\000\347\000\343\000o\000\040\000e\000\040\000i\000n\000t\000e\000g\000r\000a\000\347\000\343\000o\000\040\000d\000o\000\040\000p\000r\000o\000t\000\363\000t\000i\000p\000o}{section.25}% 17
\BOOKMARK [2][-]{subsection.32}{\376\377\000P\000r\000o\000c\000e\000d\000i\000m\000e\000n\000t\000o\000s\000\040\000d\000e\000\040\000a\000v\000a\000l\000i\000a\000\347\000\343\000o\000\040\000e\000\040\000r\000a\000s\000t\000r\000e\000a\000b\000i\000l\000i\000d\000a\000d\000e}{section.25}% 18
\BOOKMARK [1][-]{section.35}{\376\377\000D\000e\000s\000e\000n\000v\000o\000l\000v\000i\000m\000e\000n\000t\000o\000\040\000e\000\040\000I\000m\000p\000l\000e\000m\000e\000n\000t\000a\000\347\000\343\000o}{}% 19
\BOOKMARK [2][-]{subsection.36}{\376\377\000V\000i\000s\000\343\000o\000\040\000g\000e\000r\000a\000l\000\040\000e\000\040\000p\000l\000a\000t\000a\000f\000o\000r\000m\000a\000\040\000f\000\355\000s\000i\000c\000a}{section.35}% 20
\BOOKMARK [2][-]{subsection.40}{\376\377\000A\000r\000q\000u\000i\000t\000e\000t\000u\000r\000a\000\040\000m\000o\000d\000u\000l\000a\000r\000\040\000e\000\040\000c\000o\000n\000t\000r\000a\000t\000o\000\040\000d\000e\000\040\000i\000n\000t\000e\000g\000r\000a\000\347\000\343\000o}{section.35}% 21
\BOOKMARK [2][-]{subsection.45}{\376\377\000S\000e\000r\000v\000i\000\347\000o\000s\000\040\000c\000o\000m\000p\000a\000r\000t\000i\000l\000h\000a\000d\000o\000s\000,\000\040\000c\000o\000n\000c\000o\000r\000r\000\352\000n\000c\000i\000a\000\040\000e\000\040\000r\000e\000c\000u\000p\000e\000r\000a\000\347\000\343\000o}{section.35}% 22
\BOOKMARK [2][-]{subsection.49}{\376\377\000I\000m\000p\000l\000e\000m\000e\000n\000t\000a\000\347\000\343\000o\000\040\000d\000o\000s\000\040\000m\000\363\000d\000u\000l\000o\000s}{section.35}% 23
\BOOKMARK [2][-]{subsection.55}{\376\377\000S\000\355\000n\000t\000e\000s\000e\000\040\000d\000a\000\040\000i\000n\000t\000e\000g\000r\000a\000\347\000\343\000o}{section.35}% 24
\BOOKMARK [1][-]{section.57}{\376\377\000R\000e\000s\000u\000l\000t\000a\000d\000o\000s\000\040\000e\000\040\000D\000i\000s\000c\000u\000s\000s\000\343\000o}{}% 25
\BOOKMARK [2][-]{subsection.58}{\376\377\000P\000r\000o\000t\000\363\000t\000i\000p\000o\000\040\000i\000n\000t\000e\000g\000r\000a\000d\000o\000\040\000e\000\040\000a\000t\000e\000n\000d\000i\000m\000e\000n\000t\000o\000\040\000a\000o\000s\000\040\000r\000e\000q\000u\000i\000s\000i\000t\000o\000s}{section.57}% 26
\BOOKMARK [2][-]{subsection.62}{\376\377\000M\000o\000d\000u\000l\000a\000r\000i\000d\000a\000d\000e\000\040\000e\000\040\000c\000o\000n\000t\000e\000n\000\347\000\343\000o\000\040\000d\000a\000\040\000a\000u\000s\000\352\000n\000c\000i\000a\000\040\000d\000e\000\040\000s\000e\000n\000s\000o\000r\000e\000s}{section.57}% 27
\BOOKMARK [2][-]{subsection.65}{\376\377\000C\000o\000m\000p\000o\000r\000t\000a\000m\000e\000n\000t\000o\000\040\000d\000o\000s\000\040\000a\000l\000g\000o\000r\000i\000t\000m\000o\000s\000\040\000i\000m\000p\000l\000e\000m\000e\000n\000t\000a\000d\000o\000s}{section.57}% 28
\BOOKMARK [2][-]{subsection.69}{\376\377\000V\000e\000r\000i\000f\000i\000c\000a\000\347\000\365\000e\000s\000\040\000f\000u\000n\000c\000i\000o\000n\000a\000i\000s\000\040\000d\000o\000s\000\040\000m\000\363\000d\000u\000l\000o\000s}{section.57}% 29
\BOOKMARK [2][-]{subsection.72}{\376\377\000D\000i\000s\000c\000u\000s\000s\000\343\000o\000\040\000i\000n\000t\000e\000g\000r\000a\000d\000a\000\040\000e\000\040\000l\000i\000m\000i\000t\000a\000\347\000\365\000e\000s}{section.57}% 30
\BOOKMARK [1][-]{section.73}{\376\377\000C\000o\000n\000c\000l\000u\000s\000\365\000e\000s}{}% 31
\BOOKMARK [1][-]{appendix.74}{\376\377\000R\000e\000p\000o\000s\000i\000t\000\363\000r\000i\000o\000\040\000e\000\040\000m\000a\000p\000a\000\040\000d\000o\000s\000\040\000a\000r\000t\000e\000f\000a\000t\000o\000s}{}% 32
\BOOKMARK [1][-]{section*.76}{\376\377\000R\000e\000f\000e\000r\000\352\000n\000c\000i\000a\000s}{}% 33
